// Jest Snapshot v1, https://goo.gl/fbAQLP

exports[`utils maskConfig cloudrun config: should mask API key but not whitelisted environment variables 1`] = `
Object {
  "template": Object {
    "containers": Array [
      Object {
        "env": Array [
          Object {
            "name": "DD_API_KEY",
            "value": "02**********33bd",
            "values": "value",
          },
          Object {
            "name": "DD_TRACE_ENABLED",
            "value": "true",
            "values": "value",
          },
          Object {
            "name": "DD_SITE",
            "value": "datad0g.com",
            "values": "value",
          },
        ],
        "image": "gcr.io/datadog-sandbox/nicholas-hulston-docker-test",
      },
    ],
    "someData": "data",
  },
}
`;

exports[`utils maskConfig lambda config: should mask API key but not whitelisted environment variables 1`] = `
Object {
  "Environment": Object {
    "Variables": Object {
      "DD_API_KEY": "02**********33bd",
      "DD_LOG_LEVEL": "debug",
      "DD_SITE": "datadoghq.com",
    },
  },
  "FunctionArn": "arn:aws:lambda:us-east-1:123456789012:function:some-function",
  "FunctionName": "some-function",
}
`;

exports[`utils maskConfig should throw an error if the config is unknown 1`] = `"Unknown config format"`;
