// Jest Snapshot v1, https://goo.gl/fbAQLP

exports[`utils getTestsToTrigger too many tests to trigger trim and warn if from search 1`] = `
[MockFunction] {
  "calls": [
    [
      [
        "[33mMore than [1m100[22m tests returned by search query, only the first [1m100[22m were fetched.[39m
[33m[39m",
      ],
    ],
  ],
  "results": [
    {
      "type": "return",
      "value": undefined,
    },
  ],
}
`;
